
2025-10-25 17:24:33,197 - app.users.views - INFO - Contact form submitted - Name: Прикарпатс, Email: pomoju.boje@gmail.com, Phone: +380971302146, Subject: billing, Message length: 11 chars
2025-10-25 17:28:14,762 - werkzeug - WARNING -  * Debugger is active!
2025-10-26 09:15:04,123 - werkzeug - WARNING -  * Debugger is active!
2025-10-26 09:16:40,520 - werkzeug - WARNING -  * Debugger is active!
2025-10-28 09:43:18,795 - werkzeug - WARNING -  * Debugger is active!
2025-10-28 09:44:12,941 - werkzeug - WARNING -  * Debugger is active!
2025-10-28 09:55:09,789 - werkzeug - WARNING -  * Debugger is active!
2025-10-28 09:57:42,334 - werkzeug - WARNING -  * Debugger is active!
2025-11-15 12:15:19,727 - werkzeug - WARNING -  * Debugger is active!
2025-11-15 12:17:20,434 - werkzeug - WARNING -  * Debugger is active!
2025-11-15 12:18:36,329 - werkzeug - WARNING -  * Debugger is active!
2025-11-15 12:18:39,796 - werkzeug - WARNING -  * Debugger is active!
2025-11-15 12:18:45,238 - werkzeug - WARNING -  * Debugger is active!
2025-11-15 12:18:55,482 - werkzeug - WARNING -  * Debugger is active!
2025-11-15 12:20:52,391 - werkzeug - WARNING -  * Debugger is active!
2025-11-15 12:20:58,847 - werkzeug - WARNING -  * Debugger is active!
2025-11-15 12:21:22,378 - werkzeug - WARNING -  * Debugger is active!
2025-11-15 12:23:42,459 - werkzeug - WARNING -  * Debugger is active!
2025-11-15 12:23:45,980 - werkzeug - WARNING -  * Debugger is active!
2025-11-15 12:23:47,543 - werkzeug - WARNING -  * Debugger is active!
2025-11-15 12:23:54,057 - werkzeug - WARNING -  * Debugger is active!
2025-11-15 12:24:26,714 - werkzeug - WARNING -  * Debugger is active!
2025-11-15 12:24:35,219 - werkzeug - WARNING -  * Debugger is active!
2025-11-15 12:25:02,766 - werkzeug - WARNING -  * Debugger is active!
2025-11-15 12:27:19,776 - werkzeug - WARNING -  * Debugger is active!
2025-11-15 12:27:47,316 - werkzeug - WARNING -  * Debugger is active!
2025-11-15 12:28:04,806 - werkzeug - WARNING -  * Debugger is active!
2025-11-15 12:31:51,343 - werkzeug - WARNING -  * Debugger is active!
2025-11-15 12:31:59,826 - werkzeug - WARNING -  * Debugger is active!
2025-11-15 12:33:06,552 - werkzeug - WARNING -  * Debugger is active!
2025-11-15 12:38:11,336 - werkzeug - WARNING -  * Debugger is active!
2025-11-15 12:38:31,862 - werkzeug - WARNING -  * Debugger is active!
2025-11-15 12:38:52,369 - werkzeug - WARNING -  * Debugger is active!
2025-11-15 12:43:28,038 - werkzeug - WARNING -  * Debugger is active!
2025-11-15 12:43:31,552 - werkzeug - WARNING -  * Debugger is active!
2025-11-15 12:43:35,180 - werkzeug - WARNING -  * Debugger is active!
2025-11-15 12:43:41,662 - werkzeug - WARNING -  * Debugger is active!
2025-11-15 12:43:44,172 - werkzeug - WARNING -  * Debugger is active!
2025-11-15 12:43:49,725 - werkzeug - WARNING -  * Debugger is active!
2025-11-15 12:43:51,182 - werkzeug - WARNING -  * Debugger is active!
2025-11-15 12:47:21,522 - werkzeug - WARNING -  * Debugger is active!
2025-11-15 12:52:41,313 - werkzeug - WARNING -  * Debugger is active!
2025-11-15 12:53:13,891 - werkzeug - WARNING -  * Debugger is active!
2025-11-15 16:55:23,665 - werkzeug - WARNING -  * Debugger is active!
2025-11-16 10:57:57,002 - werkzeug - WARNING -  * Debugger is active!
2025-11-16 10:58:57,688 - werkzeug - WARNING -  * Debugger is active!
2025-11-16 11:15:36,183 - werkzeug - WARNING -  * Debugger is active!
2025-11-16 11:18:48,501 - werkzeug - WARNING -  * Debugger is active!
2025-11-16 11:18:52,052 - werkzeug - WARNING -  * Debugger is active!
2025-11-16 11:18:56,621 - werkzeug - WARNING -  * Debugger is active!
2025-11-16 11:19:14,351 - werkzeug - WARNING -  * Debugger is active!
2025-11-16 11:19:24,913 - werkzeug - WARNING -  * Debugger is active!
2025-11-30 18:55:30,034 - flask_migrate - ERROR - Error: Directory migrations already exists and is not empty
2025-11-30 18:56:25,860 - app.users.views - INFO - New user registered: testuser (test@example.com)
2025-11-30 18:56:38,492 - app.users.views - INFO - New user registered: testuser (test@example.com)
2025-11-30 18:57:01,557 - app.users.views - INFO - New user registered: testuser (test@example.com)
2025-11-30 19:00:20,063 - app.users.views - INFO - New user registered and logged in: testuser (test@example.com)
2025-11-30 19:02:43,354 - werkzeug - WARNING -  * Debugger is active!
2025-11-30 19:02:50,462 - werkzeug - WARNING -  * Debugger is active!
2025-11-30 19:03:18,079 - werkzeug - WARNING -  * Debugger is active!
2025-11-30 19:03:44,614 - werkzeug - WARNING -  * Debugger is active!
2025-11-30 19:05:05,462 - werkzeug - WARNING -  * Debugger is active!
2025-11-30 19:05:26,080 - app.users.views - WARNING - Failed login attempt: rostyslav.vasylyk.23@pnu.edu.ua
2025-11-30 19:05:50,307 - app.users.views - INFO - New user registered and logged in: Ростислав (pomoju.boje@gmail.com)
2025-11-30 19:06:10,369 - app.users.views - INFO - User logged out: Ростислав
2025-11-30 19:06:13,637 - app.users.views - INFO - User logged in: Ростислав
2025-11-30 19:06:19,255 - app.users.views - INFO - User logged out: Ростислав
2025-11-30 19:07:49,193 - app.users.views - INFO - New user registered and logged in: Ростислав1 (pomoju.boje2@gmail.com)
2025-11-30 19:10:17,197 - app.users.views - INFO - New user registered and logged in: testuser (test@example.com)
2025-11-30 19:10:30,895 - app.users.views - INFO - New user registered and logged in: testuser (test@example.com)
